// Jest Snapshot v1, https://goo.gl/fbAQLP

exports[`HTML toHtml 1`] = `
"<span class=\\"application\\"><span class=\\"actions-container\\">
            <span class=\\"actions\\">
            <span class=\\"delete\\"></span><span class=\\"wrapLambda\\"></span><span class=\\"wrapApplicationArgument\\"></span><span class=\\"wrapApplicationFunction\\"></span></span>
        </span><span class=\\"function\\"><span class=\\"abstraction\\"><span class=\\"actions-container\\">
            <span class=\\"actions\\">
            <span class=\\"delete\\"></span><span class=\\"wrapLambda\\"></span><span class=\\"wrapApplicationArgument\\"></span><span class=\\"wrapApplicationFunction\\"></span></span>
        </span><span class=\\"parameter\\"><span class=\\"variable\\"><span class=\\"actions-container\\">
            <span class=\\"actions\\"><span class=\\"delete\\"></span><span class=\\"wrapLambda\\"></span><span class=\\"wrapApplicationArgument\\"></span><span class=\\"wrapApplicationFunction\\"></span></span>
        </span>x</span></span><span class=\\"body\\"><span class=\\"application\\"><span class=\\"actions-container\\">
            <span class=\\"actions\\">
            <span class=\\"delete\\"></span><span class=\\"wrapLambda\\"></span><span class=\\"wrapApplicationArgument\\"></span><span class=\\"wrapApplicationFunction\\"></span></span>
        </span><span class=\\"function\\"><span class=\\"variable\\"><span class=\\"actions-container\\">
            <span class=\\"actions\\"><span class=\\"delete\\"></span><span class=\\"wrapLambda\\"></span><span class=\\"wrapApplicationArgument\\"></span><span class=\\"wrapApplicationFunction\\"></span></span>
        </span>x</span></span><span class=\\"argument\\"><span class=\\"variable\\"><span class=\\"actions-container\\">
            <span class=\\"actions\\"><span class=\\"delete\\"></span><span class=\\"wrapLambda\\"></span><span class=\\"wrapApplicationArgument\\"></span><span class=\\"wrapApplicationFunction\\"></span></span>
        </span>x</span></span></span></span></span></span><span class=\\"argument\\"><span class=\\"abstraction\\"><span class=\\"actions-container\\">
            <span class=\\"actions\\">
            <span class=\\"delete\\"></span><span class=\\"wrapLambda\\"></span><span class=\\"wrapApplicationArgument\\"></span><span class=\\"wrapApplicationFunction\\"></span></span>
        </span><span class=\\"parameter\\"><span class=\\"variable\\"><span class=\\"actions-container\\">
            <span class=\\"actions\\"><span class=\\"delete\\"></span><span class=\\"wrapLambda\\"></span><span class=\\"wrapApplicationArgument\\"></span><span class=\\"wrapApplicationFunction\\"></span></span>
        </span>y</span></span><span class=\\"body\\"><span class=\\"hole\\">
            <span class=\\"actions\\"><span class=\\"insertVariable\\"></span><span class=\\"insertAbstraction\\"></span><span class=\\"insertApplication\\"></span></span>
        </span></span></span></span></span>"
`;
